[INFO] Scanning for projects...
[INFO] 
[INFO] -------------------< com.yjj:campus-trade-platform >--------------------
[INFO] Building campus-trade-platform 0.0.1-SNAPSHOT
[INFO]   from pom.xml
[INFO] --------------------------------[ jar ]---------------------------------
[WARNING] The artifact mysql:mysql-connector-java:jar:8.0.33 has been relocated to com.mysql:mysql-connector-j:jar:8.0.33: MySQL Connector/J artifacts moved to reverse-DNS compliant Maven 2+ coordinates.
[INFO] 
[INFO] --- resources:3.2.0:resources (default-resources) @ campus-trade-platform ---
[INFO] Using 'UTF-8' encoding to copy filtered resources.
[INFO] Using 'UTF-8' encoding to copy filtered properties files.
[INFO] Copying 1 resource
[INFO] Copying 14 resources
[INFO] 
[INFO] --- compiler:3.10.1:compile (default-compile) @ campus-trade-platform ---
[INFO] Changes detected - recompiling the module!
[INFO] Compiling 36 source files to D:\Users\HUAWEI\Desktop\campus-trade-platform\target\classes
[INFO] -------------------------------------------------------------
[ERROR] COMPILATION ERROR : 
[INFO] -------------------------------------------------------------
[ERROR] /D:/Users/HUAWEI/Desktop/campus-trade-platform/src/main/java/com/yjj/campustradeplatform/controller/MessageController.java:[25,16] 找不到符号
  符号:   方法 setType(int)
  位置: 类型为com.yjj.campustradeplatform.entity.Message的变量 message
[ERROR] /D:/Users/HUAWEI/Desktop/campus-trade-platform/src/main/java/com/yjj/campustradeplatform/controller/MessageController.java:[37,16] 找不到符号
  符号:   方法 setType(int)
  位置: 类型为com.yjj.campustradeplatform.entity.Message的变量 message
[ERROR] /D:/Users/HUAWEI/Desktop/campus-trade-platform/src/main/java/com/yjj/campustradeplatform/controller/MessageController.java:[38,16] 找不到符号
  符号:   方法 setRelatedId(java.lang.Long)
  位置: 类型为com.yjj.campustradeplatform.entity.Message的变量 message
[ERROR] /D:/Users/HUAWEI/Desktop/campus-trade-platform/src/main/java/com/yjj/campustradeplatform/controller/MessageController.java:[46,29] 找不到符号
  符号:   方法 findByReceiverId(java.lang.Long)
  位置: 类型为com.yjj.campustradeplatform.mapper.MessageMapper的变量 messageMapper
[ERROR] /D:/Users/HUAWEI/Desktop/campus-trade-platform/src/main/java/com/yjj/campustradeplatform/controller/MessageController.java:[51,22] 找不到符号
  符号:   方法 markAsRead(java.lang.Long)
  位置: 类型为com.yjj.campustradeplatform.mapper.MessageMapper的变量 messageMapper
[ERROR] /D:/Users/HUAWEI/Desktop/campus-trade-platform/src/main/java/com/yjj/campustradeplatform/controller/MessageController.java:[57,22] 找不到符号
  符号:   方法 markAllAsRead(java.lang.Long)
  位置: 类型为com.yjj.campustradeplatform.mapper.MessageMapper的变量 messageMapper
[INFO] 6 errors 
[INFO] -------------------------------------------------------------
[INFO] ------------------------------------------------------------------------
[INFO] BUILD FAILURE
[INFO] ------------------------------------------------------------------------
[INFO] Total time:  8.304 s
[INFO] Finished at: 2026-06-14T00:53:54+08:00
[INFO] ------------------------------------------------------------------------
[ERROR] Failed to execute goal org.apache.maven.plugins:maven-compiler-plugin:3.10.1:compile (default-compile) on project campus-trade-platform: Compilation failure: Compilation failure: 
[ERROR] /D:/Users/HUAWEI/Desktop/campus-trade-platform/src/main/java/com/yjj/campustradeplatform/controller/MessageController.java:[25,16] 找不到符号
[ERROR]   符号:   方法 setType(int)
[ERROR]   位置: 类型为com.yjj.campustradeplatform.entity.Message的变量 message
[ERROR] /D:/Users/HUAWEI/Desktop/campus-trade-platform/src/main/java/com/yjj/campustradeplatform/controller/MessageController.java:[37,16] 找不到符号
[ERROR]   符号:   方法 setType(int)
[ERROR]   位置: 类型为com.yjj.campustradeplatform.entity.Message的变量 message
[ERROR] /D:/Users/HUAWEI/Desktop/campus-trade-platform/src/main/java/com/yjj/campustradeplatform/controller/MessageController.java:[38,16] 找不到符号
[ERROR]   符号:   方法 setRelatedId(java.lang.Long)
[ERROR]   位置: 类型为com.yjj.campustradeplatform.entity.Message的变量 message
[ERROR] /D:/Users/HUAWEI/Desktop/campus-trade-platform/src/main/java/com/yjj/campustradeplatform/controller/MessageController.java:[46,29] 找不到符号
[ERROR]   符号:   方法 findByReceiverId(java.lang.Long)
[ERROR]   位置: 类型为com.yjj.campustradeplatform.mapper.MessageMapper的变量 messageMapper
[ERROR] /D:/Users/HUAWEI/Desktop/campus-trade-platform/src/main/java/com/yjj/campustradeplatform/controller/MessageController.java:[51,22] 找不到符号
[ERROR]   符号:   方法 markAsRead(java.lang.Long)
[ERROR]   位置: 类型为com.yjj.campustradeplatform.mapper.MessageMapper的变量 messageMapper
[ERROR] /D:/Users/HUAWEI/Desktop/campus-trade-platform/src/main/java/com/yjj/campustradeplatform/controller/MessageController.java:[57,22] 找不到符号
[ERROR]   符号:   方法 markAllAsRead(java.lang.Long)
[ERROR]   位置: 类型为com.yjj.campustradeplatform.mapper.MessageMapper的变量 messageMapper
[ERROR] -> [Help 1]
[ERROR] 
[ERROR] To see the full stack trace of the errors, re-run Maven with the -e switch.
[ERROR] Re-run Maven using the -X switch to enable full debug logging.
[ERROR] 
[ERROR] For more information about the errors and possible solutions, please read the following articles:
[ERROR] [Help 1] http://cwiki.apache.org/confluence/display/MAVEN/MojoFailureException
